[INFO] Scanning for projects...
[INFO] 
[INFO] --------------------< com.brand:agent-poc-backend >---------------------
[INFO] Building agent-poc-backend 0.0.1-SNAPSHOT
[INFO]   from pom.xml
[INFO] --------------------------------[ jar ]---------------------------------
[INFO] 
[INFO] --- exec:3.6.3:exec (frontend-npm-ci) @ agent-poc-backend ---
[INFO] skipping execute as per configuration
[INFO] 
[INFO] --- exec:3.6.3:exec (frontend-npm-build) @ agent-poc-backend ---
[INFO] skipping execute as per configuration
[INFO] 
[INFO] --- resources:3.3.1:resources (default-resources) @ agent-poc-backend ---
[INFO] Copying 1 resource from src\main\resources to target\classes
[INFO] Copying 362 resources from src\main\resources to target\classes
[INFO] 
[INFO] --- compiler:3.13.0:compile (default-compile) @ agent-poc-backend ---
[INFO] Nothing to compile - all classes are up to date.
[INFO] 
[INFO] --- resources:3.3.1:testResources (default-testResources) @ agent-poc-backend ---
[INFO] skip non existing resourceDirectory D:\高知特\int-group02-agent\int-group02-agent\backend\src\test\resources
[INFO] 
[INFO] --- compiler:3.13.0:testCompile (default-testCompile) @ agent-poc-backend ---
[INFO] Nothing to compile - all classes are up to date.
[INFO] 
[INFO] --- surefire:3.5.3:test (default-test) @ agent-poc-backend ---
[INFO] Using auto detected provider org.apache.maven.surefire.junitplatform.JUnitPlatformProvider
[INFO] 
[INFO] -------------------------------------------------------
[INFO]  T E S T S
[INFO] -------------------------------------------------------
[INFO] Running com.brand.agentpoc.service.RuleBasedAnalyticsServiceTest
16:48:34.500 [main] INFO com.brand.agentpoc.service.RuleBasedAnalyticsService -- analytics data quality scenario=门店经营活跃度 language=zh scope=当前样例数据范围 state=INSUFFICIENT_SAMPLE observedRows=1 validComparableUnits=1 requiredComparableUnits=3 excludedUnits=0 primaryMetric=活跃度总分 chartSuppressed=true chartSuppressionReason=INSUFFICIENT_SAMPLE
[ERROR] Tests run: 2, Failures: 2, Errors: 0, Skipped: 0, Time elapsed: 1.083 s <<< FAILURE! -- in com.brand.agentpoc.service.RuleBasedAnalyticsServiceTest
[ERROR] com.brand.agentpoc.service.RuleBasedAnalyticsServiceTest.planComputesDealerBusinessActivityScoresWithFiveTiers -- Time elapsed: 1.054 s <<< FAILURE!
java.lang.AssertionError: 

Expecting actual:
  "## 核心结论

## 核心结论

- 共 **3** 个门店，其中：非常活跃 1 家，一般 1 家，休眠 1 家
- 活跃度最高：**Very Active Dealer**（48 分），12 个月有目标，12 个月有商机，12 个月有成交
- ?? 1 家休眠门店需关注，建议核实经营状态

## 数据支撑

<table>
    <thead>
        <tr>
            <th>指标</th>
            <th>数值</th>
        </tr>
    </thead>
    <tbody>
        <tr>
            <td>统计窗口</td>
            <td>2025年6月 — 2026年5月</td>
        </tr>
        <tr>
            <td>有效 Target 记录数</td>
            <td>18</td>
        </tr>
        <tr>
            <td>覆盖门店数</td>
            <td>3</td>
        </tr>
    </tbody>
</table>

```mermaid
xychart-beta
    title "当前样例数据范围 门店经营活跃度 Top 3"
    x-axis "门店" ["Very Act...", "Moderate...", "Dormant ..."]
    y-axis "总分 (满分48)"
    bar [48.0, 24.0, 0.0]
```

```
Very Act...          ██████████████████████████████ 48.0
Moderate...          ███████████████ 24.0
Dormant ...           0.0
```
## 经营分析

**数据归因：**

- 数据来源：dealer_targets 表，含 AaKTarget__c / OpportunityCreateCount__c / OpportunityWonCount__c

**可执行建议：**

- 休眠门店（1 家）：核实经营状态，确认是否已停业或数据中断，安排跟进

## 问题诊断与解决

- 综合数据支撑与经营分析的发现，当前范围内存在明显的绩效分化，薄弱环节需要重点关注。
- 建议结合具体指标差距，排查线索质量、跟进效率、资源配置等方面的根因。

## 改进建议

- **本月目标**：针对表现最弱的关键指标制定专项改进计划，月底前完成首轮复盘。
- **季度目标**：建立月度经营分析会机制，每单位每月至少一次数据复盘。
- **年度目标**：集团整体核心指标达成率 >= 85%，对连续两季度不达标的单位启动专项帮扶。

## 数据汇总

<table>
    <thead>
        <tr>
            <th>指标</th>
            <th>数值</th>
            <th>范围</th>
            <th>对比基准</th>
        </tr>
    </thead>
    <tbody>
        <tr>
            <td>统计窗口</td>
            <td>2025年6月 — 2026年5月</td>
            <td>当前范围</td>
            <td>—</td>
        </tr>
        <tr>
            <td>有效 Target 记录数</td>
            <td>18</td>
            <td>当前范围</td>
            <td>—</td>
        </tr>
        <tr>
            <td>覆盖门店数</td>
            <td>3</td>
            <td>当前范围</td>
            <td>—</td>
        </tr>
    </tbody>
</table>
追问：

1. 这些休眠门店最近一次有数据是什么时候？
2. 低活跃门店在哪个维度最弱？
3. 非常活跃门店有哪些共同特征？
"
to contain:
  "Dormant Dealer" 
	at com.brand.agentpoc.service.RuleBasedAnalyticsServiceTest.planComputesDealerBusinessActivityScoresWithFiveTiers(RuleBasedAnalyticsServiceTest.java:828)
	at java.base/java.lang.reflect.Method.invoke(Method.java:580)
	at java.base/java.util.ArrayList.forEach(ArrayList.java:1596)
	at java.base/java.util.ArrayList.forEach(ArrayList.java:1596)

[ERROR] com.brand.agentpoc.service.RuleBasedAnalyticsServiceTest.planMarksNewStoreWhenObservedLessThan12Months -- Time elapsed: 0.012 s <<< FAILURE!
java.lang.AssertionError: 

Expecting actual:
  "## 核心结论

- 当前范围有记录，但 门店经营活跃度 信号不足，暂不支持可靠排名或实践提炼
- 数据状态：INSUFFICIENT_SAMPLE，建议先扩大范围或检查数据字段配置
## 数据支撑

<table>
    <thead>
        <tr>
            <th>指标</th>
            <th>数值</th>
        </tr>
    </thead>
    <tbody>
        <tr>
            <td>请求范围</td>
            <td>当前样例数据范围</td>
        </tr>
        <tr>
            <td>请求主题</td>
            <td>门店经营活跃度</td>
        </tr>
        <tr>
            <td>数据质量</td>
            <td>INSUFFICIENT_SAMPLE</td>
        </tr>
        <tr>
            <td>观测行数</td>
            <td>1</td>
        </tr>
        <tr>
            <td>有效可比单元</td>
            <td>1 / 3</td>
        </tr>
        <tr>
            <td>主要分子</td>
            <td>1</td>
        </tr>
        <tr>
            <td>主要分母</td>
            <td>1</td>
        </tr>
    </tbody>
</table>

```chart-empty
reason: INSUFFICIENT_SAMPLE
title: 暂无可视化信号
body: 当前数据不支持可靠排名图表，因此已隐藏可视化。
```
## 经营分析

**数据归因：**

- 当前数据状态为 INSUFFICIENT_SAMPLE，因此仅能说明数量事实
- 图表已隐藏，原因是 INSUFFICIENT_SAMPLE

**可执行建议：**

- 先扩大到城市或整体样本范围再比较
- 检查 活跃度总分 的分子和分母字段是否完整

## 问题诊断与解决

- 综合数据支撑与经营分析的发现，当前范围内存在明显的绩效分化，薄弱环节需要重点关注。
- 建议结合具体指标差距，排查线索质量、跟进效率、资源配置等方面的根因。

## 改进建议

- **本月目标**：针对表现最弱的关键指标制定专项改进计划，月底前完成首轮复盘。
- **季度目标**：建立月度经营分析会机制，每单位每月至少一次数据复盘。
- **年度目标**：集团整体核心指标达成率 >= 85%，对连续两季度不达标的单位启动专项帮扶。

## 数据汇总

<table>
    <thead>
        <tr>
            <th>指标</th>
            <th>数值</th>
            <th>范围</th>
            <th>对比基准</th>
        </tr>
    </thead>
    <tbody>
        <tr>
            <td>请求范围</td>
            <td>当前样例数据范围</td>
            <td>当前范围</td>
            <td>—</td>
        </tr>
        <tr>
            <td>请求主题</td>
            <td>门店经营活跃度</td>
            <td>当前范围</td>
            <td>—</td>
        </tr>
        <tr>
            <td>数据质量</td>
            <td>INSUFFICIENT_SAMPLE</td>
            <td>当前范围</td>
            <td>—</td>
        </tr>
        <tr>
            <td>观测行数</td>
            <td>1</td>
            <td>当前范围</td>
            <td>—</td>
        </tr>
        <tr>
            <td>有效可比单元</td>
            <td>1 / 3</td>
            <td>当前范围</td>
            <td>—</td>
        </tr>
        <tr>
            <td>主要分子</td>
            <td>1</td>
            <td>当前范围</td>
            <td>—</td>
        </tr>
        <tr>
            <td>主要分母</td>
            <td>1</td>
            <td>当前范围</td>
            <td>—</td>
        </tr>
    </tbody>
</table>
追问：

1. 放大到整个样本后会看到什么？
2. 当前范围还有哪些可用指标？
"
to contain:
  "新店" 
	at com.brand.agentpoc.service.RuleBasedAnalyticsServiceTest.planMarksNewStoreWhenObservedLessThan12Months(RuleBasedAnalyticsServiceTest.java:862)
	at java.base/java.lang.reflect.Method.invoke(Method.java:580)
	at java.base/java.util.ArrayList.forEach(ArrayList.java:1596)
	at java.base/java.util.ArrayList.forEach(ArrayList.java:1596)

[INFO] 
[INFO] Results:
[INFO] 
[ERROR] Failures: 
[ERROR]   RuleBasedAnalyticsServiceTest.planComputesDealerBusinessActivityScoresWithFiveTiers:828 
Expecting actual:
  "## 核心结论

## 核心结论

- 共 **3** 个门店，其中：非常活跃 1 家，一般 1 家，休眠 1 家
- 活跃度最高：**Very Active Dealer**（48 分），12 个月有目标，12 个月有商机，12 个月有成交
- ?? 1 家休眠门店需关注，建议核实经营状态

## 数据支撑

<table>
    <thead>
        <tr>
            <th>指标</th>
            <th>数值</th>
        </tr>
    </thead>
    <tbody>
        <tr>
            <td>统计窗口</td>
            <td>2025年6月 — 2026年5月</td>
        </tr>
        <tr>
            <td>有效 Target 记录数</td>
            <td>18</td>
        </tr>
        <tr>
            <td>覆盖门店数</td>
            <td>3</td>
        </tr>
    </tbody>
</table>

```mermaid
xychart-beta
    title "当前样例数据范围 门店经营活跃度 Top 3"
    x-axis "门店" ["Very Act...", "Moderate...", "Dormant ..."]
    y-axis "总分 (满分48)"
    bar [48.0, 24.0, 0.0]
```

```
Very Act...          ██████████████████████████████ 48.0
Moderate...          ███████████████ 24.0
Dormant ...           0.0
```
## 经营分析

**数据归因：**

- 数据来源：dealer_targets 表，含 AaKTarget__c / OpportunityCreateCount__c / OpportunityWonCount__c

**可执行建议：**

- 休眠门店（1 家）：核实经营状态，确认是否已停业或数据中断，安排跟进

## 问题诊断与解决

- 综合数据支撑与经营分析的发现，当前范围内存在明显的绩效分化，薄弱环节需要重点关注。
- 建议结合具体指标差距，排查线索质量、跟进效率、资源配置等方面的根因。

## 改进建议

- **本月目标**：针对表现最弱的关键指标制定专项改进计划，月底前完成首轮复盘。
- **季度目标**：建立月度经营分析会机制，每单位每月至少一次数据复盘。
- **年度目标**：集团整体核心指标达成率 >= 85%，对连续两季度不达标的单位启动专项帮扶。

## 数据汇总

<table>
    <thead>
        <tr>
            <th>指标</th>
            <th>数值</th>
            <th>范围</th>
            <th>对比基准</th>
        </tr>
    </thead>
    <tbody>
        <tr>
            <td>统计窗口</td>
            <td>2025年6月 — 2026年5月</td>
            <td>当前范围</td>
            <td>—</td>
        </tr>
        <tr>
            <td>有效 Target 记录数</td>
            <td>18</td>
            <td>当前范围</td>
            <td>—</td>
        </tr>
        <tr>
            <td>覆盖门店数</td>
            <td>3</td>
            <td>当前范围</td>
            <td>—</td>
        </tr>
    </tbody>
</table>
追问：

1. 这些休眠门店最近一次有数据是什么时候？
2. 低活跃门店在哪个维度最弱？
3. 非常活跃门店有哪些共同特征？
"
to contain:
  "Dormant Dealer" 
[ERROR]   RuleBasedAnalyticsServiceTest.planMarksNewStoreWhenObservedLessThan12Months:862 
Expecting actual:
  "## 核心结论

- 当前范围有记录，但 门店经营活跃度 信号不足，暂不支持可靠排名或实践提炼
- 数据状态：INSUFFICIENT_SAMPLE，建议先扩大范围或检查数据字段配置
## 数据支撑

<table>
    <thead>
        <tr>
            <th>指标</th>
            <th>数值</th>
        </tr>
    </thead>
    <tbody>
        <tr>
            <td>请求范围</td>
            <td>当前样例数据范围</td>
        </tr>
        <tr>
            <td>请求主题</td>
            <td>门店经营活跃度</td>
        </tr>
        <tr>
            <td>数据质量</td>
            <td>INSUFFICIENT_SAMPLE</td>
        </tr>
        <tr>
            <td>观测行数</td>
            <td>1</td>
        </tr>
        <tr>
            <td>有效可比单元</td>
            <td>1 / 3</td>
        </tr>
        <tr>
            <td>主要分子</td>
            <td>1</td>
        </tr>
        <tr>
            <td>主要分母</td>
            <td>1</td>
        </tr>
    </tbody>
</table>

```chart-empty
reason: INSUFFICIENT_SAMPLE
title: 暂无可视化信号
body: 当前数据不支持可靠排名图表，因此已隐藏可视化。
```
## 经营分析

**数据归因：**

- 当前数据状态为 INSUFFICIENT_SAMPLE，因此仅能说明数量事实
- 图表已隐藏，原因是 INSUFFICIENT_SAMPLE

**可执行建议：**

- 先扩大到城市或整体样本范围再比较
- 检查 活跃度总分 的分子和分母字段是否完整

## 问题诊断与解决

- 综合数据支撑与经营分析的发现，当前范围内存在明显的绩效分化，薄弱环节需要重点关注。
- 建议结合具体指标差距，排查线索质量、跟进效率、资源配置等方面的根因。

## 改进建议

- **本月目标**：针对表现最弱的关键指标制定专项改进计划，月底前完成首轮复盘。
- **季度目标**：建立月度经营分析会机制，每单位每月至少一次数据复盘。
- **年度目标**：集团整体核心指标达成率 >= 85%，对连续两季度不达标的单位启动专项帮扶。

## 数据汇总

<table>
    <thead>
        <tr>
            <th>指标</th>
            <th>数值</th>
            <th>范围</th>
            <th>对比基准</th>
        </tr>
    </thead>
    <tbody>
        <tr>
            <td>请求范围</td>
            <td>当前样例数据范围</td>
            <td>当前范围</td>
            <td>—</td>
        </tr>
        <tr>
            <td>请求主题</td>
            <td>门店经营活跃度</td>
            <td>当前范围</td>
            <td>—</td>
        </tr>
        <tr>
            <td>数据质量</td>
            <td>INSUFFICIENT_SAMPLE</td>
            <td>当前范围</td>
            <td>—</td>
        </tr>
        <tr>
            <td>观测行数</td>
            <td>1</td>
            <td>当前范围</td>
            <td>—</td>
        </tr>
        <tr>
            <td>有效可比单元</td>
            <td>1 / 3</td>
            <td>当前范围</td>
            <td>—</td>
        </tr>
        <tr>
            <td>主要分子</td>
            <td>1</td>
            <td>当前范围</td>
            <td>—</td>
        </tr>
        <tr>
            <td>主要分母</td>
            <td>1</td>
            <td>当前范围</td>
            <td>—</td>
        </tr>
    </tbody>
</table>
追问：

1. 放大到整个样本后会看到什么？
2. 当前范围还有哪些可用指标？
"
to contain:
  "新店" 
[INFO] 
[ERROR] Tests run: 2, Failures: 2, Errors: 0, Skipped: 0
[INFO] 
[INFO] ------------------------------------------------------------------------
[INFO] BUILD FAILURE
[INFO] ------------------------------------------------------------------------
[INFO] Total time:  3.077 s
[INFO] Finished at: 2026-05-19T16:48:34+08:00
[INFO] ------------------------------------------------------------------------
[ERROR] Failed to execute goal org.apache.maven.plugins:maven-surefire-plugin:3.5.3:test (default-test) on project agent-poc-backend: There are test failures.
[ERROR] 
[ERROR] See D:\高知特\int-group02-agent\int-group02-agent\backend\target\surefire-reports for the individual test results.
[ERROR] See dump files (if any exist) [date].dump, [date]-jvmRun[N].dump and [date].dumpstream.
[ERROR] -> [Help 1]
[ERROR] 
[ERROR] To see the full stack trace of the errors, re-run Maven with the -e switch.
[ERROR] Re-run Maven using the -X switch to enable full debug logging.
[ERROR] 
[ERROR] For more information about the errors and possible solutions, please read the following articles:
[ERROR] [Help 1] http://cwiki.apache.org/confluence/display/MAVEN/MojoFailureException
